// Jest Snapshot v1, https://goo.gl/fbAQLP

exports[`should render ExpenseList with 'no expense' title 1`] = `
<div>
  <p>
    no expenses
  </p>
</div>
`;

exports[`should render ExpenseList with expenses 1`] = `
<div>
  <ExpenseListItem
    amount={12}
    createdAt={0}
    description="gum"
    id="1"
    key="1"
    note=""
  />
  <ExpenseListItem
    amount={100}
    createdAt={-345600000}
    description="rent"
    id="2"
    key="2"
    note=""
  />
  <ExpenseListItem
    amount={1000}
    createdAt={345600000}
    description="card"
    id="3"
    key="3"
    note=""
  />
</div>
`;
